TAP version 13
# Subtest: JobPosting - validates a fully correct document
ok 1 - JobPosting - validates a fully correct document
  ---
  duration_ms: 15.0427
  type: 'test'
  ...
# Subtest: JobPosting - model exports correctly with correct name
ok 2 - JobPosting - model exports correctly with correct name
  ---
  duration_ms: 0.1861
  type: 'test'
  ...
# Subtest: JobPosting - rejects missing title
ok 3 - JobPosting - rejects missing title
  ---
  duration_ms: 2.6563
  type: 'test'
  ...
# Subtest: JobPosting - rejects missing description
ok 4 - JobPosting - rejects missing description
  ---
  duration_ms: 1.3532
  type: 'test'
  ...
# Subtest: JobPosting - rejects missing skills array
ok 5 - JobPosting - rejects missing skills array
  ---
  duration_ms: 1.3604
  type: 'test'
  ...
# Subtest: JobPosting - rejects empty skills array
ok 6 - JobPosting - rejects empty skills array
  ---
  duration_ms: 1.106
  type: 'test'
  ...
# Subtest: JobPosting - rejects missing recruiter
ok 7 - JobPosting - rejects missing recruiter
  ---
  duration_ms: 1.0856
  type: 'test'
  ...
# Subtest: JobPosting - rejects missing location.city
ok 8 - JobPosting - rejects missing location.city
  ---
  duration_ms: 2.2352
  type: 'test'
  ...
# Subtest: JobPosting - rejects missing location.state
ok 9 - JobPosting - rejects missing location.state
  ---
  duration_ms: 2.5639
  type: 'test'
  ...
# Subtest: JobPosting - applies default location.country 'India' when omitted
ok 10 - JobPosting - applies default location.country 'India' when omitted
  ---
  duration_ms: 2.1097
  type: 'test'
  ...
# Subtest: JobPosting - rejects missing salary.min
ok 11 - JobPosting - rejects missing salary.min
  ---
  duration_ms: 1.1943
  type: 'test'
  ...
# Subtest: JobPosting - rejects missing salary.max
ok 12 - JobPosting - rejects missing salary.max
  ---
  duration_ms: 1.4881
  type: 'test'
  ...
# Subtest: JobPosting - rejects invalid status enum
ok 13 - JobPosting - rejects invalid status enum
  ---
  duration_ms: 0.903
  type: 'test'
  ...
# Subtest: JobPosting - accepts valid status enum values
ok 14 - JobPosting - accepts valid status enum values
  ---
  duration_ms: 1.874
  type: 'test'
  ...
# Subtest: JobPosting - applies safe default status 'draft' when omitted
ok 15 - JobPosting - applies safe default status 'draft' when omitted
  ---
  duration_ms: 2.4416
  type: 'test'
  ...
# Subtest: JobPosting - location.country has safe default 'India'
ok 16 - JobPosting - location.country has safe default 'India'
  ---
  duration_ms: 0.577
  type: 'test'
  ...
# Subtest: JobPosting - applies default location.remote false
ok 17 - JobPosting - applies default location.remote false
  ---
  duration_ms: 0.7561
  type: 'test'
  ...
# Subtest: JobPosting - applies default salary.currency 'INR'
ok 18 - JobPosting - applies default salary.currency 'INR'
  ---
  duration_ms: 0.8893
  type: 'test'
  ...
# Subtest: JobPosting - applies default salary.isNegotiable false
ok 19 - JobPosting - applies default salary.isNegotiable false
  ---
  duration_ms: 0.6659
  type: 'test'
  ...
# Subtest: JobPosting - defaults do NOT create active job postings (status draft prevents auto-publishing)
ok 20 - JobPosting - defaults do NOT create active job postings (status draft prevents auto-publishing)
  ---
  duration_ms: 0.6222
  type: 'test'
  ...
# Subtest: JobPosting - rejects title shorter than 2 characters
ok 21 - JobPosting - rejects title shorter than 2 characters
  ---
  duration_ms: 0.7621
  type: 'test'
  ...
# Subtest: JobPosting - rejects title longer than 120 characters
ok 22 - JobPosting - rejects title longer than 120 characters
  ---
  duration_ms: 0.8477
  type: 'test'
  ...
# Subtest: JobPosting - rejects description shorter than 20 characters
ok 23 - JobPosting - rejects description shorter than 20 characters
  ---
  duration_ms: 0.7071
  type: 'test'
  ...
# Subtest: JobPosting - trims whitespace from title
ok 24 - JobPosting - trims whitespace from title
  ---
  duration_ms: 0.422
  type: 'test'
  ...
# Subtest: JobPosting - trims whitespace from location fields
ok 25 - JobPosting - trims whitespace from location fields
  ---
  duration_ms: 0.5214
  type: 'test'
  ...
# Subtest: JobPosting - converts currency to uppercase
ok 26 - JobPosting - converts currency to uppercase
  ---
  duration_ms: 0.4903
  type: 'test'
  ...
# Subtest: JobPosting - normalizes skills to lowercase
ok 27 - JobPosting - normalizes skills to lowercase
  ---
  duration_ms: 1.4917
  type: 'test'
  ...
# Subtest: JobPosting - trims skill whitespace
ok 28 - JobPosting - trims skill whitespace
  ---
  duration_ms: 0.6298
  type: 'test'
  ...
# Subtest: JobPosting - filters empty strings from skills
ok 29 - JobPosting - filters empty strings from skills
  ---
  duration_ms: 0.7304
  type: 'test'
  ...
# Subtest: JobPosting - deduplicates skills after normalization
ok 30 - JobPosting - deduplicates skills after normalization
  ---
  duration_ms: 0.7845
  type: 'test'
  ...
# Subtest: JobPosting - rejects negative minimum salary
ok 31 - JobPosting - rejects negative minimum salary
  ---
  duration_ms: 0.8421
  type: 'test'
  ...
# Subtest: JobPosting - rejects negative maximum salary
ok 32 - JobPosting - rejects negative maximum salary
  ---
  duration_ms: 0.7158
  type: 'test'
  ...
# Subtest: JobPosting - allows zero salary (unpaid internship case)
ok 33 - JobPosting - allows zero salary (unpaid internship case)
  ---
  duration_ms: 0.6937
  type: 'test'
  ...
# Subtest: JobPosting - rejects when max salary is less than min salary
ok 34 - JobPosting - rejects when max salary is less than min salary
  ---
  duration_ms: 0.6664
  type: 'test'
  ...
# Subtest: JobPosting - allows equal min and max salary
ok 35 - JobPosting - allows equal min and max salary
  ---
  duration_ms: 0.7064
  type: 'test'
  ...
# Subtest: JobPosting - includes timestamps in schema
ok 36 - JobPosting - includes timestamps in schema
  ---
  duration_ms: 0.4537
  type: 'test'
  ...
# Subtest: JobPosting - accepts valid ObjectId for recruiter
ok 37 - JobPosting - accepts valid ObjectId for recruiter
  ---
  duration_ms: 0.6992
  type: 'test'
  ...
# Subtest: JobPosting - recruiter field is indexed in schema
ok 38 - JobPosting - recruiter field is indexed in schema
  ---
  duration_ms: 0.1528
  type: 'test'
  ...
# Subtest: treats default provider as local password account
ok 39 - treats default provider as local password account
  ---
  duration_ms: 1.1538
  type: 'test'
  ...
# Subtest: allows sign-in when provider is google
ok 40 - allows sign-in when provider is google
  ---
  duration_ms: 0.1926
  type: 'test'
  ...
# Subtest: blocks sign-in for explicit local provider
ok 41 - blocks sign-in for explicit local provider
  ---
  duration_ms: 0.1351
  type: 'test'
  ...
# Subtest: blocks tutor/recruiter local registrations from google takeover
ok 42 - blocks tutor/recruiter local registrations from google takeover
  ---
  duration_ms: 0.1153
  type: 'test'
  ...
# Subtest: resolveUploadPath
    # Subtest: rejects path traversal in filename
    ok 1 - rejects path traversal in filename
      ---
      duration_ms: 0.9247
      type: 'test'
      ...
    # Subtest: returns safe basename for valid filenames
    ok 2 - returns safe basename for valid filenames
      ---
      duration_ms: 1.6518
      type: 'test'
      ...
    # Subtest: rejects filenames containing path separators
    ok 3 - rejects filenames containing path separators
      ---
      duration_ms: 0.2211
      type: 'test'
      ...
    1..3
ok 43 - resolveUploadPath
  ---
  duration_ms: 4.1914
  type: 'suite'
  ...
# node:internal/modules/package_json_reader:268
#   throw new ERR_MODULE_NOT_FOUND(packageName, fileURLToPath(base), null);
#         ^
# Error [ERR_MODULE_NOT_FOUND]: Cannot find package 'zod' imported from D:\\opensource\\SkillsSphere-AI\\ai-ml\\pipeline\\evaluatorContract.js
#     at Object.getPackageJSONURL (node:internal/modules/package_json_reader:268:9)
#     at packageResolve (node:internal/modules/esm/resolve:768:81)
#     at moduleResolve (node:internal/modules/esm/resolve:854:18)
#     at defaultResolve (node:internal/modules/esm/resolve:984:11)
#     at ModuleLoader.defaultResolve (node:internal/modules/esm/loader:780:12)
#     at \#cachedDefaultResolve (node:internal/modules/esm/loader:704:25)
#     at ModuleLoader.resolve (node:internal/modules/esm/loader:687:38)
#     at ModuleLoader.getModuleJobForImport (node:internal/modules/esm/loader:305:38)
#     at ModuleJob._link (node:internal/modules/esm/module_job:137:49) {
#   code: 'ERR_MODULE_NOT_FOUND'
# }
# Node.js v22.15.0
# Subtest: src\\modules\\jobs\\__tests__\\controller.test.js
not ok 4 - src\\modules\\jobs\\__tests__\\controller.test.js
  ---
  duration_ms: 2887.4761
  type: 'test'
  location: 'D:\\opensource\\SkillsSphere-AI\\server\\src\\modules\\jobs\\__tests__\\controller.test.js:1:1'
  failureType: 'testCodeFailure'
  exitCode: 1
  signal: ~
  error: 'test failed'
  code: 'ERR_TEST_FAILURE'
  ...
# node:internal/modules/package_json_reader:268
#   throw new ERR_MODULE_NOT_FOUND(packageName, fileURLToPath(base), null);
#         ^
# Error [ERR_MODULE_NOT_FOUND]: Cannot find package 'zod' imported from D:\\opensource\\SkillsSphere-AI\\ai-ml\\pipeline\\evaluatorContract.js
#     at Object.getPackageJSONURL (node:internal/modules/package_json_reader:268:9)
#     at packageResolve (node:internal/modules/esm/resolve:768:81)
#     at moduleResolve (node:internal/modules/esm/resolve:854:18)
#     at defaultResolve (node:internal/modules/esm/resolve:984:11)
#     at ModuleLoader.defaultResolve (node:internal/modules/esm/loader:780:12)
#     at \#cachedDefaultResolve (node:internal/modules/esm/loader:704:25)
#     at ModuleLoader.resolve (node:internal/modules/esm/loader:687:38)
#     at ModuleLoader.getModuleJobForImport (node:internal/modules/esm/loader:305:38)
#     at ModuleJob._link (node:internal/modules/esm/module_job:137:49) {
#   code: 'ERR_MODULE_NOT_FOUND'
# }
# Node.js v22.15.0
# Subtest: src\\modules\\jobs\\__tests__\\service.test.js
not ok 5 - src\\modules\\jobs\\__tests__\\service.test.js
  ---
  duration_ms: 2334.7808
  type: 'test'
  location: 'D:\\opensource\\SkillsSphere-AI\\server\\src\\modules\\jobs\\__tests__\\service.test.js:1:1'
  failureType: 'testCodeFailure'
  exitCode: 1
  signal: ~
  error: 'test failed'
  code: 'ERR_TEST_FAILURE'
  ...
# node:internal/modules/package_json_reader:268
#   throw new ERR_MODULE_NOT_FOUND(packageName, fileURLToPath(base), null);
#         ^
# Error [ERR_MODULE_NOT_FOUND]: Cannot find package 'zod' imported from D:\\opensource\\SkillsSphere-AI\\ai-ml\\pipeline\\evaluatorContract.js
#     at Object.getPackageJSONURL (node:internal/modules/package_json_reader:268:9)
#     at packageResolve (node:internal/modules/esm/resolve:768:81)
#     at moduleResolve (node:internal/modules/esm/resolve:854:18)
#     at defaultResolve (node:internal/modules/esm/resolve:984:11)
#     at ModuleLoader.defaultResolve (node:internal/modules/esm/loader:780:12)
#     at \#cachedDefaultResolve (node:internal/modules/esm/loader:704:25)
#     at ModuleLoader.resolve (node:internal/modules/esm/loader:687:38)
#     at ModuleLoader.getModuleJobForImport (node:internal/modules/esm/loader:305:38)
#     at ModuleJob._link (node:internal/modules/esm/module_job:137:49) {
#   code: 'ERR_MODULE_NOT_FOUND'
# }
# Node.js v22.15.0
# Subtest: src\\modules\\resumes\\__tests__\\controller.analyze.test.js
not ok 6 - src\\modules\\resumes\\__tests__\\controller.analyze.test.js
  ---
  duration_ms: 1778.6949
  type: 'test'
  location: 'D:\\opensource\\SkillsSphere-AI\\server\\src\\modules\\resumes\\__tests__\\controller.analyze.test.js:1:1'
  failureType: 'testCodeFailure'
  exitCode: 1
  signal: ~
  error: 'test failed'
  code: 'ERR_TEST_FAILURE'
  ...
# node:internal/modules/package_json_reader:268
#   throw new ERR_MODULE_NOT_FOUND(packageName, fileURLToPath(base), null);
#         ^
# Error [ERR_MODULE_NOT_FOUND]: Cannot find package 'zod' imported from D:\\opensource\\SkillsSphere-AI\\ai-ml\\pipeline\\evaluatorContract.js
#     at Object.getPackageJSONURL (node:internal/modules/package_json_reader:268:9)
#     at packageResolve (node:internal/modules/esm/resolve:768:81)
#     at moduleResolve (node:internal/modules/esm/resolve:854:18)
#     at defaultResolve (node:internal/modules/esm/resolve:984:11)
#     at ModuleLoader.defaultResolve (node:internal/modules/esm/loader:780:12)
#     at \#cachedDefaultResolve (node:internal/modules/esm/loader:704:25)
#     at ModuleLoader.resolve (node:internal/modules/esm/loader:687:38)
#     at ModuleLoader.getModuleJobForImport (node:internal/modules/esm/loader:305:38)
#     at ModuleJob._link (node:internal/modules/esm/module_job:137:49) {
#   code: 'ERR_MODULE_NOT_FOUND'
# }
# Node.js v22.15.0
# Subtest: test-filters.js
not ok 7 - test-filters.js
  ---
  duration_ms: 1184.6665
  type: 'test'
  location: 'D:\\opensource\\SkillsSphere-AI\\server\\test-filters.js:1:1'
  failureType: 'testCodeFailure'
  exitCode: 1
  signal: ~
  error: 'test failed'
  code: 'ERR_TEST_FAILURE'
  ...
# ≡ƒÜÇ Starting Status Timeline Test...
# Step 1: Logging in as Student...
# Γ¥î Test Failed:
# Subtest: test-timeline.js
ok 8 - test-timeline.js
  ---
  duration_ms: 959.9143
  type: 'test'
  ...
1..48
# tests 50
# suites 1
# pass 46
# fail 4
# cancelled 0
# skipped 0
# todo 0
# duration_ms 5046.2372
